// Jest Snapshot v1, https://goo.gl/fbAQLP

exports[`Contact component matches snapshot 1`] = `
<DocumentFragment>
  <section
    class="container mt-3"
  >
    <h2>
      Contact
    </h2>
    <div
      class="row"
    >
      <form
        class="col-sm-12 col-md-6"
        id="contact-form"
        novalidate=""
      >
        <div
          class="mb-3"
        >
          <label
            class="form-label"
            data-testid="nameLabel"
            for="name"
          >
            Name:
          </label>
          <input
            class="form-control"
            data-testid="nameInput"
            name="name"
            placeholder="Full name"
            type="text"
            value=""
          />
        </div>
        <div
          class="mb-3"
        >
          <label
            class="form-label"
            data-testid="emailLabel"
            for="email"
          >
            Email:
          </label>
          <input
            class="form-control"
            data-testid="emailInput"
            name="email"
            placeholder="Email address"
            type="email"
            value=""
          />
        </div>
        <div
          class="mb-3"
        >
          <label
            class="form-label"
            data-testid="messageLabel"
            for="message"
          >
            Message:
          </label>
          <textarea
            class="form-control"
            data-testid="messageTextArea"
            name="message"
            placeholder="Your message"
            rows="5"
          />
        </div>
        <button
          class="btn btn-secondary"
          data-testid="submitBtn"
          type="submit"
        >
          Submit
        </button>
      </form>
    </div>
  </section>
</DocumentFragment>
`;
